
> lodging-system@0.1.0 build
> react-scripts build

Creating an optimized production build...
Failed to compile.

[eslint] 
src\pages\ListingEditor.jsx
  Line 102:49:  React Hook "useState" is called conditionally. React Hooks must be called in the exact same order in every component render. Did you accidentally call a React Hook after an early return?   react-hooks/rules-of-hooks
  Line 103:31:  React Hook "useState" is called conditionally. React Hooks must be called in the exact same order in every component render. Did you accidentally call a React Hook after an early return?   react-hooks/rules-of-hooks
  Line 104:41:  React Hook "useState" is called conditionally. React Hooks must be called in the exact same order in every component render. Did you accidentally call a React Hook after an early return?   react-hooks/rules-of-hooks
  Line 105:37:  React Hook "useState" is called conditionally. React Hooks must be called in the exact same order in every component render. Did you accidentally call a React Hook after an early return?   react-hooks/rules-of-hooks
  Line 117:3:   React Hook "useEffect" is called conditionally. React Hooks must be called in the exact same order in every component render. Did you accidentally call a React Hook after an early return?  react-hooks/rules-of-hooks

Search for the keywords to learn more about each error.


